\BOOKMARK [0][-]{chapter.1}{\376\377\0001\000\040\000N\000a\000m\000e\000s\000p\000a\000c\000e\000\040\000I\000n\000d\000e\000x}{}% 1
\BOOKMARK [1][-]{section.1.1}{\376\377\0001\000.\0001\000\040\000N\000a\000m\000e\000s\000p\000a\000c\000e\000\040\000L\000i\000s\000t}{chapter.1}% 2
\BOOKMARK [0][-]{chapter.2}{\376\377\0002\000\040\000F\000i\000l\000e\000\040\000I\000n\000d\000e\000x}{}% 3
\BOOKMARK [1][-]{section.2.1}{\376\377\0002\000.\0001\000\040\000F\000i\000l\000e\000\040\000L\000i\000s\000t}{chapter.2}% 4
\BOOKMARK [0][-]{chapter.3}{\376\377\0003\000\040\000N\000a\000m\000e\000s\000p\000a\000c\000e\000\040\000D\000o\000c\000u\000m\000e\000n\000t\000a\000t\000i\000o\000n}{}% 5
\BOOKMARK [1][-]{section.3.1}{\376\377\0003\000.\0001\000\040\000b\000a\000r\000l\000o\000g\000\040\000N\000a\000m\000e\000s\000p\000a\000c\000e\000\040\000R\000e\000f\000e\000r\000e\000n\000c\000e}{chapter.3}% 6
\BOOKMARK [2][-]{subsection.3.1.1}{\376\377\0003\000.\0001\000.\0001\000\040\000F\000u\000n\000c\000t\000i\000o\000n\000\040\000D\000o\000c\000u\000m\000e\000n\000t\000a\000t\000i\000o\000n}{section.3.1}% 7
\BOOKMARK [3][-]{subsubsection.3.1.1.1}{\376\377\0003\000.\0001\000.\0001\000.\0001\000\040\000e\000r\000r\000o\000r\000\050\000\051}{subsection.3.1.1}% 8
\BOOKMARK [3][-]{subsubsection.3.1.1.2}{\376\377\0003\000.\0001\000.\0001\000.\0002\000\040\000g\000e\000t\000\137\000d\000a\000t\000e\000\137\000n\000o\000w\000\050\000\051}{subsection.3.1.1}% 9
\BOOKMARK [3][-]{subsubsection.3.1.1.3}{\376\377\0003\000.\0001\000.\0001\000.\0003\000\040\000i\000n\000f\000o\000\050\000\051}{subsection.3.1.1}% 10
\BOOKMARK [3][-]{subsubsection.3.1.1.4}{\376\377\0003\000.\0001\000.\0001\000.\0004\000\040\000i\000n\000i\000t\000i\000a\000l\000i\000z\000e\000\137\000l\000o\000g\000\050\000\051}{subsection.3.1.1}% 11
\BOOKMARK [3][-]{subsubsection.3.1.1.5}{\376\377\0003\000.\0001\000.\0001\000.\0005\000\040\000w\000a\000r\000n\000\050\000\051}{subsection.3.1.1}% 12
\BOOKMARK [3][-]{subsubsection.3.1.1.6}{\376\377\0003\000.\0001\000.\0001\000.\0006\000\040\000w\000r\000i\000t\000e\000\050\000\051}{subsection.3.1.1}% 13
\BOOKMARK [1][-]{section.3.2}{\376\377\0003\000.\0002\000\040\000i\000n\000t\000e\000r\000p\000r\000e\000t\000\040\000N\000a\000m\000e\000s\000p\000a\000c\000e\000\040\000R\000e\000f\000e\000r\000e\000n\000c\000e}{chapter.3}% 14
\BOOKMARK [2][-]{subsection.3.2.1}{\376\377\0003\000.\0002\000.\0001\000\040\000F\000u\000n\000c\000t\000i\000o\000n\000\040\000D\000o\000c\000u\000m\000e\000n\000t\000a\000t\000i\000o\000n}{section.3.2}% 15
\BOOKMARK [3][-]{subsubsection.3.2.1.1}{\376\377\0003\000.\0002\000.\0001\000.\0001\000\040\000g\000a\000u\000s\000s\000\137\000s\000o\000l\000v\000e\000\050\000\051}{subsection.3.2.1}% 16
\BOOKMARK [3][-]{subsubsection.3.2.1.2}{\376\377\0003\000.\0002\000.\0001\000.\0002\000\040\000p\000a\000r\000s\000e\000\137\000t\000d\000m\000\050\000\051}{subsection.3.2.1}% 17
\BOOKMARK [3][-]{subsubsection.3.2.1.3}{\376\377\0003\000.\0002\000.\0001\000.\0003\000\040\000p\000a\000r\000s\000e\000\137\000t\000d\000m\000\137\000w\000\050\000\051}{subsection.3.2.1}% 18
\BOOKMARK [3][-]{subsubsection.3.2.1.4}{\376\377\0003\000.\0002\000.\0001\000.\0004\000\040\000r\000a\000d\000e\000c\000\137\000t\000o\000\137\000u\000n\000i\000t\000\137\000v\000e\000c\000t\000o\000r\000\050\000\051}{subsection.3.2.1}% 19
\BOOKMARK [1][-]{section.3.3}{\376\377\0003\000.\0003\000\040\000o\000r\000b\000m\000a\000t\000h\000\040\000N\000a\000m\000e\000s\000p\000a\000c\000e\000\040\000R\000e\000f\000e\000r\000e\000n\000c\000e}{chapter.3}% 20
\BOOKMARK [2][-]{subsection.3.3.1}{\376\377\0003\000.\0003\000.\0001\000\040\000F\000u\000n\000c\000t\000i\000o\000n\000\040\000D\000o\000c\000u\000m\000e\000n\000t\000a\000t\000i\000o\000n}{section.3.3}% 21
\BOOKMARK [3][-]{subsubsection.3.3.1.1}{\376\377\0003\000.\0003\000.\0001\000.\0001\000\040\000a\000r\000c\000s\000e\000c\0002\000r\000a\000d\000\050\000\051}{subsection.3.3.1}% 22
\BOOKMARK [3][-]{subsubsection.3.3.1.2}{\376\377\0003\000.\0003\000.\0001\000.\0002\000\040\000c\000l\000a\000m\000p\000\050\000\051}{subsection.3.3.1}% 23
\BOOKMARK [3][-]{subsubsection.3.3.1.3}{\376\377\0003\000.\0003\000.\0001\000.\0003\000\040\000c\000o\000m\000p\000u\000t\000e\000\137\000o\000r\000b\000i\000t\000a\000l\000\137\000e\000l\000e\000m\000e\000n\000t\000s\000\050\000\051}{subsection.3.3.1}% 24
\BOOKMARK [3][-]{subsubsection.3.3.1.4}{\376\377\0003\000.\0003\000.\0001\000.\0004\000\040\000d\000e\000g\0002\000r\000a\000d\000\050\000\051}{subsection.3.3.1}% 25
\BOOKMARK [3][-]{subsubsection.3.3.1.5}{\376\377\0003\000.\0003\000.\0001\000.\0005\000\040\000g\000e\000o\000d\000e\000t\000i\000c\000\137\000t\000o\000\137\000e\000c\000e\000f\000\050\000\051}{subsection.3.3.1}% 26
\BOOKMARK [3][-]{subsubsection.3.3.1.6}{\376\377\0003\000.\0003\000.\0001\000.\0006\000\040\000k\000e\000p\000l\000e\000r\000\050\000\051}{subsection.3.3.1}% 27
\BOOKMARK [3][-]{subsubsection.3.3.1.7}{\376\377\0003\000.\0003\000.\0001\000.\0007\000\040\000w\000r\000a\000p\000\137\0002\000p\000i\000\050\000\051}{subsection.3.3.1}% 28
\BOOKMARK [1][-]{section.3.4}{\376\377\0003\000.\0004\000\040\000p\000r\000o\000p\000a\000g\000a\000t\000e\000\040\000N\000a\000m\000e\000s\000p\000a\000c\000e\000\040\000R\000e\000f\000e\000r\000e\000n\000c\000e}{chapter.3}% 29
\BOOKMARK [0][-]{chapter.4}{\376\377\0004\000\040\000F\000i\000l\000e\000\040\000D\000o\000c\000u\000m\000e\000n\000t\000a\000t\000i\000o\000n}{}% 30
\BOOKMARK [1][-]{section.4.1}{\376\377\0004\000.\0001\000\040\000a\000t\000m\000o\000s\000p\000h\000e\000r\000e\000.\000h\000\040\000F\000i\000l\000e\000\040\000R\000e\000f\000e\000r\000e\000n\000c\000e}{chapter.4}% 31
\BOOKMARK [1][-]{section.4.2}{\376\377\0004\000.\0002\000\040\000f\000r\000a\000m\000e\000.\000h\000\040\000F\000i\000l\000e\000\040\000R\000e\000f\000e\000r\000e\000n\000c\000e}{chapter.4}% 32
\BOOKMARK [1][-]{section.4.3}{\376\377\0004\000.\0003\000\040\000i\000e\000r\000s\000\137\000c\000o\000e\000f\000.\000h\000\040\000F\000i\000l\000e\000\040\000R\000e\000f\000e\000r\000e\000n\000c\000e}{chapter.4}% 33
\BOOKMARK [1][-]{section.4.4}{\376\377\0004\000.\0004\000\040\000i\000n\000t\000e\000r\000p\000r\000e\000t\000.\000c\000p\000p\000\040\000F\000i\000l\000e\000\040\000R\000e\000f\000e\000r\000e\000n\000c\000e}{chapter.4}% 34
\BOOKMARK [1][-]{section.4.5}{\376\377\0004\000.\0005\000\040\000i\000n\000t\000e\000r\000p\000r\000e\000t\000.\000h\000\040\000F\000i\000l\000e\000\040\000R\000e\000f\000e\000r\000e\000n\000c\000e}{chapter.4}% 35
\BOOKMARK [1][-]{section.4.6}{\376\377\0004\000.\0006\000\040\000l\000o\000g\000g\000i\000n\000g\000.\000c\000p\000p\000\040\000F\000i\000l\000e\000\040\000R\000e\000f\000e\000r\000e\000n\000c\000e}{chapter.4}% 36
\BOOKMARK [1][-]{section.4.7}{\376\377\0004\000.\0007\000\040\000l\000o\000g\000g\000i\000n\000g\000.\000h\000\040\000F\000i\000l\000e\000\040\000R\000e\000f\000e\000r\000e\000n\000c\000e}{chapter.4}% 37
\BOOKMARK [1][-]{section.4.8}{\376\377\0004\000.\0008\000\040\000l\000u\000n\000a\000r\000\137\000p\000o\000s\000i\000t\000i\000o\000n\000.\000h\000\040\000F\000i\000l\000e\000\040\000R\000e\000f\000e\000r\000e\000n\000c\000e}{chapter.4}% 38
\BOOKMARK [1][-]{section.4.9}{\376\377\0004\000.\0009\000\040\000o\000r\000b\000m\000a\000t\000h\000.\000c\000p\000p\000\040\000F\000i\000l\000e\000\040\000R\000e\000f\000e\000r\000e\000n\000c\000e}{chapter.4}% 39
\BOOKMARK [1][-]{section.4.10}{\376\377\0004\000.\0001\0000\000\040\000o\000r\000b\000m\000a\000t\000h\000.\000h\000\040\000F\000i\000l\000e\000\040\000R\000e\000f\000e\000r\000e\000n\000c\000e}{chapter.4}% 40
\BOOKMARK [1][-]{section.4.11}{\376\377\0004\000.\0001\0001\000\040\000o\000r\000b\000m\000a\000t\000h\000\137\000n\000u\000t\000a\000t\000i\000o\000n\000.\000h\000\040\000F\000i\000l\000e\000\040\000R\000e\000f\000e\000r\000e\000n\000c\000e}{chapter.4}% 41
\BOOKMARK [1][-]{section.4.12}{\376\377\0004\000.\0001\0002\000\040\000o\000r\000b\000m\000a\000t\000h\000\137\000p\000e\000r\000t\000u\000r\000b\000a\000t\000i\000o\000n\000.\000h\000\040\000F\000i\000l\000e\000\040\000R\000e\000f\000e\000r\000e\000n\000c\000e}{chapter.4}% 42
\BOOKMARK [1][-]{section.4.13}{\376\377\0004\000.\0001\0003\000\040\000p\000r\000o\000p\000a\000g\000a\000t\000o\000r\000.\000c\000p\000p\000\040\000F\000i\000l\000e\000\040\000R\000e\000f\000e\000r\000e\000n\000c\000e}{chapter.4}% 43
\BOOKMARK [1][-]{section.4.14}{\376\377\0004\000.\0001\0004\000\040\000p\000r\000o\000p\000a\000g\000a\000t\000o\000r\000.\000h\000\040\000F\000i\000l\000e\000\040\000R\000e\000f\000e\000r\000e\000n\000c\000e}{chapter.4}% 44
\BOOKMARK [1][-]{section.4.15}{\376\377\0004\000.\0001\0005\000\040\000R\000A\000D\000e\000c\000.\000c\000p\000p\000\040\000F\000i\000l\000e\000\040\000R\000e\000f\000e\000r\000e\000n\000c\000e}{chapter.4}% 45
\BOOKMARK [2][-]{subsection.4.15.1}{\376\377\0004\000.\0001\0005\000.\0001\000\040\000M\000a\000c\000r\000o\000\040\000D\000e\000f\000i\000n\000i\000t\000i\000o\000n\000\040\000D\000o\000c\000u\000m\000e\000n\000t\000a\000t\000i\000o\000n}{section.4.15}% 46
\BOOKMARK [3][-]{subsubsection.4.15.1.1}{\376\377\0004\000.\0001\0005\000.\0001\000.\0001\000\040\000f\000r\000a\000c}{subsection.4.15.1}% 47
\BOOKMARK [1][-]{section.4.16}{\376\377\0004\000.\0001\0006\000\040\000s\000o\000l\000a\000r\000\137\000p\000o\000s\000i\000t\000i\000o\000n\000.\000h\000\040\000F\000i\000l\000e\000\040\000R\000e\000f\000e\000r\000e\000n\000c\000e}{chapter.4}% 48
\BOOKMARK [1][-]{section.4.17}{\376\377\0004\000.\0001\0007\000\040\000T\000D\000M\000P\000a\000r\000s\000e\000r\000.\000c\000p\000p\000\040\000F\000i\000l\000e\000\040\000R\000e\000f\000e\000r\000e\000n\000c\000e}{chapter.4}% 49
\BOOKMARK [1][-]{section.4.18}{\376\377\0004\000.\0001\0008\000\040\000T\000D\000M\000P\000a\000r\000s\000e\000r\000.\000h\000\040\000F\000i\000l\000e\000\040\000R\000e\000f\000e\000r\000e\000n\000c\000e}{chapter.4}% 50
\BOOKMARK [0][-]{section*.27}{\376\377\000I\000n\000d\000e\000x}{}% 51
